<html>
<body>
<pre>
<h1>µVision Build Log</h1>
<h2>Tool Versions:</h2>
IDE-Version: ¦ÌVision V5.39.0.0
Copyright (C) 2023 ARM Ltd and ARM Germany GmbH. All rights reserved.
License Information: 1 1, 11, LIC=VGXG8-3610D-MME9I-TAA7E-F58IU-77T4D
 
Tool Versions:
Toolchain:       MDK-ARM Plus  Version: 5.39.0.0
Toolchain Path:  D:\Keil5\ARM\ARMCC\Bin
C Compiler:      Armcc.exe V5.06 update 5 (build 528)
Assembler:       Armasm.exe V5.06 update 5 (build 528)
Linker/Locator:  ArmLink.exe V5.06 update 5 (build 528)
Library Manager: ArmAr.exe V5.06 update 5 (build 528)
Hex Converter:   FromElf.exe V5.06 update 5 (build 528)
CPU DLL:         SARMCM3.DLL V5.39.0.0
Dialog DLL:      DCM.DLL V1.17.5.0
Target DLL:      CMSIS_AGDI.dll V1.33.16.0
Dialog DLL:      TCM.DLL V1.56.4.0
 
<h2>Project:</h2>
D:\Users\86137\Desktop\VLAI\VLAI_ONMI-CHASSIS\ONMI-CHASSIS\MDK-ARM\CtrBoard-H7_FDCAN.uvprojx
Project File Date:  12/29/2025

<h2>Output:</h2>
*** Using Compiler 'V5.06 update 5 (build 528)', folder: 'D:\Keil5\ARM\ARMCC\Bin'
Build target 'CtrBoard-H7_FDCAN'
assembling startup_stm32h723xx.s...
compiling stm32h7xx_hal_cortex.c...
compiling memorymap.c...
compiling stm32h7xx_it.c...
compiling stm32h7xx_hal_flash_ex.c...
compiling stm32h7xx_hal_rcc.c...
compiling stm32h7xx_hal_msp.c...
compiling main.c...
compiling stm32h7xx_hal_gpio.c...
compiling gpio.c...
compiling stm32h7xx_hal_flash.c...
compiling fdcan.c...
../Core/Src/fdcan.c(37): warning:  #177-D: variable "FDCAN1_RXFilter"  was declared but never referenced
  	FDCAN_FilterTypeDef FDCAN1_RXFilter;
../Core/Src/fdcan.c: 1 warning, 0 errors
compiling dma.c...
compiling stm32h7xx_hal_hsem.c...
compiling usart.c...
compiling stm32h7xx_hal_rcc_ex.c...
compiling stm32h7xx_hal_dma.c...
compiling stm32h7xx_hal_tim.c...
compiling stm32h7xx_hal_i2c_ex.c...
compiling stm32h7xx_hal_pwr.c...
compiling stm32h7xx_hal_mdma.c...
compiling stm32h7xx_hal_i2c.c...
compiling stm32h7xx_hal.c...
compiling stm32h7xx_hal_uart.c...
compiling stm32h7xx_hal_dma_ex.c...
compiling stm32h7xx_hal_uart_ex.c...
compiling stm32h7xx_hal_pwr_ex.c...
compiling stm32h7xx_hal_exti.c...
compiling stm32h7xx_hal_tim_ex.c...
compiling system_stm32h7xx.c...
compiling bsp_fdcan.c...
compiling stm32h7xx_hal_fdcan.c...
compiling pid.c...
compiling controler_task.c...
compiling chassis_task.c...
compiling uart_bsp.c...
compiling drv_dmmotor.c...
compiling EZ_RTOS.c...
linking...
Program Size: Code=37524 RO-data=936 RW-data=160 ZI-data=7400  
"CtrBoard-H7_FDCAN\CtrBoard-H7_FDCAN.axf" - 0 Error(s), 1 Warning(s).

<h2>Software Packages used:</h2>

Package Vendor: ARM
                http://www.keil.com/pack/ARM.CMSIS.5.9.0.pack
                ARM::CMSIS@5.9.0
                CMSIS (Common Microcontroller Software Interface Standard)
   * Component: CORE Version: 5.6.0

Package Vendor: Keil
                https://www.keil.com/pack/Keil.STM32H7xx_DFP.3.1.1.pack
                Keil::STM32H7xx_DFP@3.1.1
                STMicroelectronics STM32H7 Series Device Support and Examples

<h2>Collection of Component include folders:</h2>
  ./RTE/_CtrBoard-H7_FDCAN
  D:/Keil5/ARM/PACK/ARM/CMSIS/5.9.0/CMSIS/Core/Include
  D:/Keil5/ARM/PACK/Keil/STM32H7xx_DFP/3.1.1/Drivers/CMSIS/Device/ST/STM32H7xx/Include

<h2>Collection of Component Files used:</h2>

   * Component: ARM::CMSIS:CORE@5.6.0
      Include file:  CMSIS/Core/Include/tz_context.h
Build Time Elapsed:  00:00:45
</pre>
</body>
</html>
